2026-08-19 11:07:43,955 [INFO] === Garage Bot starting ===
2026-08-19 11:07:43,955 [INFO] Zone: БКС Гараж | Poll: 10s | Warn at <= 500 km
2026-08-19 11:07:45,763 [INFO] Wialon login OK user=44Beton_Klass
2026-08-19 11:07:47,340 [INFO] Zone 'БКС Гараж' found (id=11) in resource 'BETON KLASS SAVDO' with 19 points
2026-08-19 11:07:47,342 [INFO] Geofence OK: 'БКС Гараж' (id=11, points=19)
2026-08-19 11:07:47,964 [INFO] EXIT: DAMAS 30 146 MBA  (Холмуродов Шерзод) (id=105456)
2026-08-19 11:07:47,974 [INFO] ENTRY: DAMAS 30 338 QBA (Буранов Дилшодбек) (id=88444)
2026-08-19 11:07:48,692 [INFO] HTTP Request: POST https://api.telegram.org/bot8696587302:AAEB4mbK07duo-xAuvVceiJ27-V54go95yw/sendPhoto "HTTP/1.1 200 OK"
2026-08-19 11:07:48,694 [INFO] Card sent for 'DAMAS 30 338 QBA (Буранов Дилшодбек)'
2026-08-19 11:07:48,703 [INFO] ENTRY: DAMAS 30 631 CCA  (Азизов Бегзод) (id=115775)
2026-08-19 11:07:49,012 [INFO] HTTP Request: POST https://api.telegram.org/bot8696587302:AAEB4mbK07duo-xAuvVceiJ27-V54go95yw/sendPhoto "HTTP/1.1 200 OK"
2026-08-19 11:07:49,013 [INFO] Card sent for 'DAMAS 30 631 CCA  (Азизов Бегзод)'
2026-08-19 11:07:49,021 [INFO] EXIT: DAMAS 30 694 VBA (Шахриев Хусниддин) (id=114699)
2026-08-19 11:07:49,026 [INFO] EXIT: DOOSAN (Экскаватор) 30 JA 008 (Марданов Жамил) (id=92850)
2026-08-19 11:07:49,033 [INFO] EXIT: FAW 30 504 ACA (Мухаммадиев Ислом) (id=113827)
2026-08-19 11:07:49,039 [INFO] ENTRY: HOWO (миксер) 30 914 EBA (Исмаилов Муслим) (id=34453)
2026-08-19 11:07:49,441 [INFO] HTTP Request: POST https://api.telegram.org/bot8696587302:AAEB4mbK07duo-xAuvVceiJ27-V54go95yw/sendPhoto "HTTP/1.1 200 OK"
2026-08-19 11:07:49,441 [INFO] Card sent for 'HOWO (миксер) 30 914 EBA (Исмаилов Муслим)'
2026-08-19 11:07:49,452 [INFO] EXIT: HOWO (тягач) 30 376 WBA (Уралов Улугбек) (id=54833)
2026-08-19 11:07:49,460 [INFO] EXIT: HOWO 01 296 QLA (40T) (Хабибов Хамза) (id=96493)
2026-08-19 11:07:49,466 [INFO] ENTRY: HOWO 30  059 AGREGAT 4955 (id=95902)
2026-08-19 11:07:49,725 [INFO] HTTP Request: POST https://api.telegram.org/bot8696587302:AAEB4mbK07duo-xAuvVceiJ27-V54go95yw/sendPhoto "HTTP/1.1 200 OK"
2026-08-19 11:07:49,727 [INFO] Card sent for 'HOWO 30  059 AGREGAT 4955'
2026-08-19 11:07:49,734 [INFO] ENTRY: HOWO 30 059 UAA  (Жуманов Улуғбек) (id=59085)
2026-08-19 11:07:50,125 [INFO] HTTP Request: POST https://api.telegram.org/bot8696587302:AAEB4mbK07duo-xAuvVceiJ27-V54go95yw/sendPhoto "HTTP/1.1 200 OK"
2026-08-19 11:07:50,126 [INFO] Card sent for 'HOWO 30 059 UAA  (Жуманов Улуғбек)'
2026-08-19 11:07:50,294 [INFO] ENTRY: HOWO 30 203 VAA (Муминов Зокир) (id=34449)
2026-08-19 11:07:57,122 [ERROR] Telegram error: Timed out
2026-08-19 11:07:57,157 [INFO] EXIT: HOWO 30 408 XBA (Дониеров Аббос) (id=105463)
2026-08-19 11:07:57,179 [INFO] ENTRY: HOWO 30 416 YUK (40T) (Ташбоев Тахир) (id=86050)
2026-08-19 11:07:57,975 [INFO] HTTP Request: POST https://api.telegram.org/bot8696587302:AAEB4mbK07duo-xAuvVceiJ27-V54go95yw/sendPhoto "HTTP/1.1 200 OK"
2026-08-19 11:07:57,977 [INFO] Card sent for 'HOWO 30 416 YUK (40T) (Ташбоев Тахир)'
2026-08-19 11:07:57,993 [INFO] EXIT: HOWO 30 473 XBA (Рахматов Сардор) (id=104525)
2026-08-19 11:07:58,049 [INFO] EXIT: HOWO 30 486 XBA (30T) (Жалилов Санжар) (id=105462)
2026-08-19 11:07:58,089 [INFO] EXIT: HOWO 30 497 XBA (Унгалов Умид) (id=104526)
2026-08-19 11:07:58,112 [INFO] ENTRY: HOWO 30 791 OBA (30T) (Бобоқулов Меҳрож) (id=66157)
2026-08-19 11:07:58,921 [INFO] HTTP Request: POST https://api.telegram.org/bot8696587302:AAEB4mbK07duo-xAuvVceiJ27-V54go95yw/sendPhoto "HTTP/1.1 200 OK"
2026-08-19 11:07:58,924 [INFO] Card sent for 'HOWO 30 791 OBA (30T) (Бобоқулов Меҳрож)'
2026-08-19 11:07:58,934 [INFO] EXIT: HOWO A 7 30 916 PBA (Шодиев Илҳом) (id=85221)
2026-08-19 11:07:58,943 [INFO] ENTRY: HOWO A7 30 804 OBA (Урақов Санжар) (id=65924)
2026-08-19 11:07:59,391 [INFO] HTTP Request: POST https://api.telegram.org/bot8696587302:AAEB4mbK07duo-xAuvVceiJ27-V54go95yw/sendPhoto "HTTP/1.1 200 OK"
2026-08-19 11:07:59,393 [INFO] Card sent for 'HOWO A7 30 804 OBA (Урақов Санжар)'
2026-08-19 11:07:59,407 [INFO] EXIT: HOWO A7 30 836 OBA   (Тоиров Наврузбек) (id=66529)
2026-08-19 11:07:59,417 [INFO] ENTRY: HOWO A7 30 839 OBA (Стрекалов Сергей) (id=66528)
2026-08-19 11:07:59,891 [INFO] HTTP Request: POST https://api.telegram.org/bot8696587302:AAEB4mbK07duo-xAuvVceiJ27-V54go95yw/sendPhoto "HTTP/1.1 200 OK"
2026-08-19 11:07:59,892 [INFO] Card sent for 'HOWO A7 30 839 OBA (Стрекалов Сергей)'
2026-08-19 11:07:59,901 [INFO] EXIT: HOWO A7 30 842 AGREGAT  9202 (id=96494)
2026-08-19 11:07:59,910 [INFO] EXIT: HOWO A7 30 842 WBA (Шарипов Огабек) (id=95124)
2026-08-19 11:07:59,917 [INFO] EXIT: HYUNDAI (помпа) 30 840 WBA (Досимбетов Муроджон) (id=96338)
2026-08-19 11:07:59,931 [INFO] ENTRY: HYUNDAI 30 371 PBA (Ешимов Ойбек) (id=72786)
2026-08-19 11:08:03,266 [INFO] HTTP Request: POST https://api.telegram.org/bot8696587302:AAEB4mbK07duo-xAuvVceiJ27-V54go95yw/sendPhoto "HTTP/1.1 200 OK"
2026-08-19 11:08:03,279 [INFO] Card sent for 'HYUNDAI 30 371 PBA (Ешимов Ойбек)'
2026-08-19 11:08:03,339 [INFO] ENTRY: LABO 30 794 MBA (Жанонбеков Изатилло) (id=68471)
2026-08-19 11:08:03,792 [INFO] HTTP Request: POST https://api.telegram.org/bot8696587302:AAEB4mbK07duo-xAuvVceiJ27-V54go95yw/sendPhoto "HTTP/1.1 200 OK"
2026-08-19 11:08:03,793 [INFO] Card sent for 'LABO 30 794 MBA (Жанонбеков Изатилло)'
2026-08-19 11:08:03,809 [INFO] EXIT: ONIX  30 996 PBA (Икромадинов Шахзод) (id=114635)
2026-08-19 11:08:03,822 [INFO] EXIT: ONIX  30 Z 715 CB (Вафоев Дилшод) (id=101104)
2026-08-19 11:08:03,832 [INFO] ENTRY: POGRUZCHIK 01 661 VA (Акрамов Равшан) (id=112087)
2026-08-19 11:08:04,210 [INFO] HTTP Request: POST https://api.telegram.org/bot8696587302:AAEB4mbK07duo-xAuvVceiJ27-V54go95yw/sendPhoto "HTTP/1.1 200 OK"
2026-08-19 11:08:04,212 [INFO] Card sent for 'POGRUZCHIK 01 661 VA (Акрамов Равшан)'
2026-08-19 11:08:04,225 [INFO] EXIT: SHACMAN (манипул) 30 491 XBA (Очилов Фармон) (id=103213)
2026-08-19 11:08:04,233 [INFO] EXIT: SHACMAN (манипулятор) 01 680 YMA (Астанов Юсуф) (id=109292)
2026-08-19 11:08:04,248 [INFO] ENTRY: SHACMAN (миксер) 30 203 PBA (Рахимов Зулфикор) (id=105465)
2026-08-19 11:08:04,858 [INFO] HTTP Request: POST https://api.telegram.org/bot8696587302:AAEB4mbK07duo-xAuvVceiJ27-V54go95yw/sendPhoto "HTTP/1.1 200 OK"
2026-08-19 11:08:04,859 [INFO] Card sent for 'SHACMAN (миксер) 30 203 PBA (Рахимов Зулфикор)'
2026-08-19 11:08:04,867 [INFO] ENTRY: SHACMAN 30 728 TBA  (40T) (Ахмедов Ахрор) (id=54840)
2026-08-19 11:08:05,329 [INFO] HTTP Request: POST https://api.telegram.org/bot8696587302:AAEB4mbK07duo-xAuvVceiJ27-V54go95yw/sendPhoto "HTTP/1.1 200 OK"
2026-08-19 11:08:05,331 [INFO] Card sent for 'SHACMAN 30 728 TBA  (40T) (Ахмедов Ахрор)'
2026-08-19 11:08:07,223 [INFO] ENTRY: SHACMAN 30 736 TBA (30T) (Ураков Хусан) (id=48017)
2026-08-19 11:08:10,878 [INFO] HTTP Request: POST https://api.telegram.org/bot8696587302:AAEB4mbK07duo-xAuvVceiJ27-V54go95yw/sendPhoto "HTTP/1.1 200 OK"
2026-08-19 11:08:10,880 [INFO] Card sent for 'SHACMAN 30 736 TBA (30T) (Ураков Хусан)'
2026-08-19 11:08:10,888 [INFO] EXIT: SHACMAN 30 742 TBA (Турсунов Шералижон) (id=54829)
2026-08-19 11:08:10,895 [INFO] EXIT: TRACKER 01 260 EMA (Вафоев Дамир) (id=99543)
2026-08-19 11:08:10,903 [INFO] EXIT: TRACKER 01 261 EMA (id=99545)
2026-08-19 11:08:10,909 [INFO] ENTRY: TRACKER 30 760 PBA (id=114700)
2026-08-19 11:08:11,200 [INFO] HTTP Request: POST https://api.telegram.org/bot8696587302:AAEB4mbK07duo-xAuvVceiJ27-V54go95yw/sendPhoto "HTTP/1.1 200 OK"
2026-08-19 11:08:11,201 [INFO] Card sent for 'TRACKER 30 760 PBA'
2026-08-19 11:08:11,227 [INFO] Poll cycle OK: 58 units in garage
2026-08-19 11:08:21,894 [INFO] Poll cycle OK: 58 units in garage
2026-08-19 11:08:32,534 [INFO] Poll cycle OK: 58 units in garage
2026-08-19 11:08:43,127 [INFO] Poll cycle OK: 58 units in garage
2026-08-19 11:08:53,757 [INFO] Poll cycle OK: 58 units in garage
2026-08-19 11:09:04,365 [INFO] Poll cycle OK: 58 units in garage
2026-08-19 11:09:14,924 [INFO] Poll cycle OK: 58 units in garage
2026-08-19 11:09:25,683 [INFO] Poll cycle OK: 58 units in garage
2026-08-19 11:09:36,321 [INFO] Poll cycle OK: 58 units in garage
2026-08-19 11:09:46,837 [INFO] Wialon login OK user=44Beton_Klass
2026-08-19 11:09:47,426 [INFO] Poll cycle OK: 58 units in garage
2026-08-19 11:09:57,997 [INFO] Poll cycle OK: 58 units in garage
2026-08-19 11:10:08,579 [INFO] Poll cycle OK: 58 units in garage
2026-08-19 11:10:19,232 [INFO] Poll cycle OK: 58 units in garage
2026-08-19 11:10:29,972 [INFO] Poll cycle OK: 58 units in garage
2026-08-19 11:10:40,693 [INFO] Poll cycle OK: 58 units in garage
2026-08-19 11:10:51,384 [INFO] Poll cycle OK: 58 units in garage
2026-08-19 11:11:03,977 [INFO] === Garage Bot starting ===
2026-08-19 11:11:03,977 [INFO] Zone: БКС Гараж | Poll: 10s | Warn at <= 500 km
2026-08-19 11:11:05,366 [INFO] Wialon login OK user=44Beton_Klass
2026-08-19 11:11:06,288 [INFO] Zone 'БКС Гараж' found (id=11) in resource 'BETON KLASS SAVDO' with 19 points
2026-08-19 11:11:06,289 [INFO] Geofence OK: 'БКС Гараж' (id=11, points=19)
2026-08-19 11:11:07,298 [INFO] Poll cycle OK: 58 units in garage
2026-08-19 11:11:18,148 [INFO] Poll cycle OK: 58 units in garage
2026-08-19 11:11:28,783 [INFO] Poll cycle OK: 58 units in garage
2026-08-19 11:11:39,536 [INFO] Poll cycle OK: 58 units in garage
2026-08-19 11:11:50,746 [INFO] ENTRY: HOWO 30 768 OBA (30T) (Махамматов Салимжон) (id=66386)
2026-08-19 11:11:51,413 [INFO] HTTP Request: POST https://api.telegram.org/bot8696587302:AAEB4mbK07duo-xAuvVceiJ27-V54go95yw/sendPhoto "HTTP/1.1 200 OK"
2026-08-19 11:11:51,414 [INFO] Card sent for 'HOWO 30 768 OBA (30T) (Махамматов Салимжон)'
2026-08-19 11:11:51,449 [INFO] Poll cycle OK: 59 units in garage
2026-08-19 11:12:02,447 [INFO] Poll cycle OK: 59 units in garage
2026-08-19 11:12:13,970 [INFO] Poll cycle OK: 59 units in garage
2026-08-19 11:12:24,800 [INFO] Poll cycle OK: 59 units in garage
2026-08-19 11:12:35,582 [INFO] Poll cycle OK: 59 units in garage
2026-08-19 11:12:46,111 [INFO] Wialon login OK user=44Beton_Klass
2026-08-19 11:12:46,827 [INFO] Poll cycle OK: 59 units in garage
2026-08-19 11:12:58,090 [INFO] Poll cycle OK: 59 units in garage
2026-08-19 11:13:08,712 [INFO] Poll cycle OK: 59 units in garage
2026-08-19 11:13:19,606 [INFO] Poll cycle OK: 59 units in garage
2026-08-19 11:13:30,466 [INFO] Poll cycle OK: 59 units in garage
2026-08-19 11:13:41,751 [INFO] Poll cycle OK: 59 units in garage
2026-08-19 11:13:52,757 [INFO] Poll cycle OK: 59 units in garage
2026-08-19 11:14:03,606 [INFO] Poll cycle OK: 59 units in garage
2026-08-19 11:14:14,373 [INFO] Poll cycle OK: 59 units in garage
2026-08-19 11:14:25,194 [INFO] Poll cycle OK: 59 units in garage
2026-08-19 11:14:35,708 [INFO] Wialon login OK user=44Beton_Klass
2026-08-19 11:14:36,489 [INFO] Poll cycle OK: 59 units in garage
2026-08-19 11:14:47,202 [INFO] Poll cycle OK: 59 units in garage
2026-08-19 11:14:57,861 [INFO] Poll cycle OK: 59 units in garage
2026-08-19 11:15:08,594 [INFO] Poll cycle OK: 59 units in garage
2026-08-19 11:15:19,313 [INFO] Poll cycle OK: 59 units in garage
2026-08-19 11:15:30,036 [INFO] Poll cycle OK: 59 units in garage
2026-08-19 11:15:40,721 [INFO] Poll cycle OK: 59 units in garage
2026-08-19 11:15:51,358 [INFO] Poll cycle OK: 59 units in garage
2026-08-19 11:16:01,964 [INFO] Poll cycle OK: 59 units in garage
2026-08-19 11:16:12,717 [INFO] Poll cycle OK: 59 units in garage
2026-08-19 11:16:23,777 [INFO] Wialon login OK user=44Beton_Klass
2026-08-19 11:16:24,768 [INFO] Poll cycle OK: 59 units in garage
2026-08-19 11:16:35,366 [INFO] Poll cycle OK: 59 units in garage
2026-08-19 11:16:45,955 [INFO] Poll cycle OK: 59 units in garage
2026-08-19 11:16:56,587 [INFO] Poll cycle OK: 59 units in garage
2026-08-19 11:17:07,198 [INFO] Poll cycle OK: 59 units in garage
2026-08-19 11:17:18,510 [INFO] Poll cycle OK: 59 units in garage
2026-08-19 11:17:29,765 [INFO] Poll cycle OK: 59 units in garage
2026-08-19 11:17:40,561 [INFO] Poll cycle OK: 59 units in garage
2026-08-19 11:17:51,326 [INFO] Poll cycle OK: 59 units in garage
2026-08-19 11:18:02,672 [INFO] Poll cycle OK: 59 units in garage
2026-08-19 11:18:13,235 [INFO] Wialon login OK user=44Beton_Klass
2026-08-19 11:18:14,188 [INFO] Poll cycle OK: 59 units in garage
2026-08-19 11:18:25,489 [INFO] Poll cycle OK: 59 units in garage
2026-08-19 11:18:37,154 [INFO] Poll cycle OK: 59 units in garage
2026-08-19 11:18:47,974 [INFO] Poll cycle OK: 59 units in garage
2026-08-19 11:18:58,750 [INFO] Poll cycle OK: 59 units in garage
2026-08-19 11:19:09,475 [INFO] Poll cycle OK: 59 units in garage
2026-08-19 11:19:20,108 [INFO] Poll cycle OK: 59 units in garage
2026-08-19 11:19:31,475 [INFO] Poll cycle OK: 59 units in garage
2026-08-19 11:19:42,529 [INFO] Poll cycle OK: 59 units in garage
2026-08-19 11:19:53,508 [INFO] Poll cycle OK: 59 units in garage
2026-08-19 11:20:04,018 [INFO] Wialon login OK user=44Beton_Klass
2026-08-19 11:20:05,180 [INFO] Poll cycle OK: 59 units in garage
2026-08-19 11:20:16,022 [INFO] Poll cycle OK: 59 units in garage
2026-08-19 11:20:26,843 [INFO] Poll cycle OK: 59 units in garage
2026-08-19 11:20:37,600 [INFO] Poll cycle OK: 59 units in garage
2026-08-19 11:20:48,957 [INFO] Poll cycle OK: 59 units in garage
2026-08-19 11:20:59,816 [INFO] Poll cycle OK: 59 units in garage
2026-08-19 11:21:10,864 [INFO] Poll cycle OK: 59 units in garage
2026-08-19 11:21:21,660 [INFO] Poll cycle OK: 59 units in garage
2026-08-19 11:21:32,472 [INFO] Poll cycle OK: 59 units in garage
2026-08-19 11:21:43,495 [INFO] Poll cycle OK: 59 units in garage
2026-08-19 11:21:54,008 [INFO] Wialon login OK user=44Beton_Klass
2026-08-19 11:21:55,062 [INFO] Poll cycle OK: 59 units in garage
2026-08-19 11:22:05,948 [INFO] Poll cycle OK: 59 units in garage
2026-08-19 11:22:16,680 [INFO] Poll cycle OK: 59 units in garage
2026-08-19 11:22:27,557 [INFO] Poll cycle OK: 59 units in garage
2026-08-19 11:22:38,217 [INFO] Poll cycle OK: 59 units in garage
2026-08-19 11:22:49,018 [INFO] Poll cycle OK: 59 units in garage
2026-08-19 11:22:59,839 [INFO] Poll cycle OK: 59 units in garage
2026-08-19 11:23:10,622 [INFO] Poll cycle OK: 59 units in garage
2026-08-19 11:23:21,256 [INFO] Poll cycle OK: 59 units in garage
2026-08-19 11:23:31,975 [INFO] Poll cycle OK: 59 units in garage
2026-08-19 11:23:42,501 [INFO] Wialon login OK user=44Beton_Klass
2026-08-19 11:23:43,200 [INFO] Poll cycle OK: 59 units in garage
2026-08-19 11:23:53,946 [INFO] Poll cycle OK: 59 units in garage
2026-08-19 11:24:04,639 [INFO] Poll cycle OK: 59 units in garage
2026-08-19 11:24:15,446 [INFO] Poll cycle OK: 59 units in garage
2026-08-19 11:24:26,215 [INFO] Poll cycle OK: 59 units in garage
2026-08-19 11:24:36,954 [INFO] Poll cycle OK: 59 units in garage
2026-08-19 11:24:47,714 [INFO] Poll cycle OK: 59 units in garage
2026-08-19 11:24:58,352 [INFO] Poll cycle OK: 59 units in garage
2026-08-19 11:25:08,999 [INFO] Poll cycle OK: 59 units in garage
2026-08-19 11:25:19,797 [INFO] Poll cycle OK: 59 units in garage
2026-08-19 11:25:30,319 [INFO] Wialon login OK user=44Beton_Klass
2026-08-19 11:25:30,948 [INFO] EXIT: SHACMAN 01 843 XMA (Қамариддинов Махмуджон) (id=108050)
2026-08-19 11:25:30,971 [INFO] Poll cycle OK: 58 units in garage
2026-08-19 11:25:41,683 [INFO] Poll cycle OK: 58 units in garage
2026-08-19 11:25:52,385 [INFO] Poll cycle OK: 58 units in garage
2026-08-19 11:26:03,118 [INFO] Poll cycle OK: 58 units in garage
2026-08-19 11:26:13,763 [INFO] Poll cycle OK: 58 units in garage
2026-08-19 11:26:24,386 [INFO] Poll cycle OK: 58 units in garage
2026-08-19 11:26:35,170 [INFO] Poll cycle OK: 58 units in garage
2026-08-19 11:26:46,765 [INFO] Poll cycle OK: 58 units in garage
2026-08-19 11:26:57,433 [INFO] Poll cycle OK: 58 units in garage
2026-08-19 11:27:08,157 [INFO] Poll cycle OK: 58 units in garage
2026-08-19 11:27:18,673 [INFO] Wialon login OK user=44Beton_Klass
2026-08-19 11:27:19,421 [INFO] Poll cycle OK: 58 units in garage
2026-08-19 11:27:30,115 [INFO] Poll cycle OK: 58 units in garage
2026-08-19 11:27:40,696 [INFO] Poll cycle OK: 58 units in garage
2026-08-19 11:27:51,319 [INFO] Poll cycle OK: 58 units in garage
2026-08-19 11:28:02,150 [INFO] Poll cycle OK: 58 units in garage
2026-08-19 11:28:12,736 [INFO] Poll cycle OK: 58 units in garage
2026-08-19 11:28:23,394 [INFO] Poll cycle OK: 58 units in garage
2026-08-19 11:28:34,091 [INFO] Poll cycle OK: 58 units in garage
2026-08-19 11:28:44,694 [INFO] ENTRY: DAMAS 30 694 VBA (Шахриев Хусниддин) (id=114699)
2026-08-19 11:28:45,543 [INFO] HTTP Request: POST https://api.telegram.org/bot8696587302:AAEB4mbK07duo-xAuvVceiJ27-V54go95yw/sendPhoto "HTTP/1.1 200 OK"
2026-08-19 11:28:45,547 [INFO] Card sent for 'DAMAS 30 694 VBA (Шахриев Хусниддин)'
2026-08-19 11:28:45,598 [INFO] Poll cycle OK: 59 units in garage
2026-08-19 11:28:56,488 [INFO] Poll cycle OK: 59 units in garage
2026-08-19 11:29:07,007 [INFO] Wialon login OK user=44Beton_Klass
2026-08-19 11:29:07,635 [INFO] Poll cycle OK: 59 units in garage
2026-08-19 11:29:18,326 [INFO] Poll cycle OK: 59 units in garage
2026-08-19 11:29:28,997 [INFO] Poll cycle OK: 59 units in garage
2026-08-19 11:29:39,757 [INFO] Poll cycle OK: 59 units in garage
2026-08-19 11:29:50,419 [INFO] Poll cycle OK: 59 units in garage
2026-08-19 11:30:01,044 [INFO] Poll cycle OK: 59 units in garage
2026-08-19 11:30:11,962 [INFO] ENTRY: FAW 30 956 WBA (Жўрақулов Давронжон) (id=62360)
2026-08-19 11:30:12,753 [INFO] HTTP Request: POST https://api.telegram.org/bot8696587302:AAEB4mbK07duo-xAuvVceiJ27-V54go95yw/sendPhoto "HTTP/1.1 200 OK"
2026-08-19 11:30:12,757 [INFO] Card sent for 'FAW 30 956 WBA (Жўрақулов Давронжон)'
2026-08-19 11:30:12,794 [INFO] Poll cycle OK: 60 units in garage
2026-08-19 11:30:23,421 [INFO] Poll cycle OK: 60 units in garage
2026-08-19 11:30:34,061 [INFO] Poll cycle OK: 60 units in garage
2026-08-19 11:30:44,749 [INFO] Poll cycle OK: 60 units in garage
2026-08-19 11:30:55,256 [INFO] Wialon login OK user=44Beton_Klass
2026-08-19 11:30:55,910 [INFO] Poll cycle OK: 60 units in garage
2026-08-19 11:31:06,553 [INFO] Poll cycle OK: 60 units in garage
2026-08-19 11:31:17,142 [INFO] Poll cycle OK: 60 units in garage
2026-08-19 11:31:27,797 [INFO] Poll cycle OK: 60 units in garage
2026-08-19 11:31:38,401 [INFO] Poll cycle OK: 60 units in garage
2026-08-19 11:31:49,045 [INFO] Poll cycle OK: 60 units in garage
2026-08-19 11:31:59,630 [INFO] Poll cycle OK: 60 units in garage
2026-08-19 11:32:10,292 [INFO] Poll cycle OK: 60 units in garage
2026-08-19 11:32:20,912 [INFO] Poll cycle OK: 60 units in garage
2026-08-19 11:32:27,144 [INFO] === Garage Bot starting ===
2026-08-19 11:32:27,144 [INFO] Zone: БКС Гараж | Poll: 10s | Warn at <= 500 km
2026-08-19 11:32:28,598 [INFO] Wialon login OK user=44Beton_Klass
2026-08-19 11:32:29,281 [INFO] Zone 'БКС Гараж' found (id=11) in resource 'BETON KLASS SAVDO' with 19 points
2026-08-19 11:32:29,282 [INFO] Geofence OK: 'БКС Гараж' (id=11, points=19)
2026-08-19 11:32:29,789 [INFO] Poll cycle OK: 60 units in garage
2026-08-19 11:32:40,443 [INFO] Poll cycle OK: 60 units in garage
2026-08-19 11:32:51,209 [INFO] Poll cycle OK: 60 units in garage
2026-08-19 11:33:01,910 [INFO] ENTRY: FAW 30 941 WBA (Ҳикматов Қосим) (id=105457)
2026-08-19 11:33:02,685 [INFO] HTTP Request: POST https://api.telegram.org/bot8696587302:AAEB4mbK07duo-xAuvVceiJ27-V54go95yw/sendPhoto "HTTP/1.1 200 OK"
2026-08-19 11:33:02,689 [INFO] Card sent for 'FAW 30 941 WBA (Ҳикматов Қосим)'
2026-08-19 11:33:02,723 [INFO] Poll cycle OK: 61 units in garage
2026-08-19 11:33:13,305 [INFO] Poll cycle OK: 61 units in garage
2026-08-19 11:33:23,937 [INFO] Poll cycle OK: 61 units in garage
2026-08-19 11:33:34,566 [INFO] Poll cycle OK: 61 units in garage
2026-08-19 11:33:45,230 [INFO] Poll cycle OK: 61 units in garage
2026-08-19 11:33:55,866 [INFO] Poll cycle OK: 61 units in garage
2026-08-19 11:34:06,420 [INFO] Wialon login OK user=44Beton_Klass
2026-08-19 11:34:07,076 [INFO] Poll cycle OK: 61 units in garage
2026-08-19 11:34:17,729 [INFO] Poll cycle OK: 61 units in garage
2026-08-19 11:34:28,379 [INFO] Poll cycle OK: 61 units in garage
2026-08-19 11:34:39,233 [INFO] Poll cycle OK: 61 units in garage
2026-08-19 11:34:50,039 [INFO] Poll cycle OK: 61 units in garage
2026-08-19 11:35:00,743 [INFO] Poll cycle OK: 61 units in garage
2026-08-19 11:35:11,500 [INFO] Poll cycle OK: 61 units in garage
2026-08-19 11:35:22,222 [INFO] Poll cycle OK: 61 units in garage
2026-08-19 11:35:32,989 [INFO] Poll cycle OK: 61 units in garage
2026-08-19 11:35:43,724 [INFO] Poll cycle OK: 61 units in garage
2026-08-19 11:35:54,364 [INFO] Wialon login OK user=44Beton_Klass
2026-08-19 11:35:57,877 [INFO] Poll cycle OK: 61 units in garage
2026-08-19 11:36:09,079 [INFO] Poll cycle OK: 61 units in garage
2026-08-19 11:36:19,918 [INFO] ENTRY: FAW 30 932 WBA (Дониёров Қувондиқ) (id=62346)
2026-08-19 11:36:20,584 [INFO] HTTP Request: POST https://api.telegram.org/bot8696587302:AAEB4mbK07duo-xAuvVceiJ27-V54go95yw/sendPhoto "HTTP/1.1 200 OK"
2026-08-19 11:36:20,585 [INFO] Card sent for 'FAW 30 932 WBA (Дониёров Қувондиқ)'
2026-08-19 11:36:20,595 [INFO] Poll cycle OK: 62 units in garage
2026-08-19 11:36:31,382 [INFO] Poll cycle OK: 62 units in garage
2026-08-19 11:36:42,160 [INFO] Poll cycle OK: 62 units in garage
2026-08-19 11:36:52,944 [INFO] Poll cycle OK: 62 units in garage
2026-08-19 11:37:03,651 [INFO] Poll cycle OK: 62 units in garage
2026-08-19 11:37:14,353 [INFO] Poll cycle OK: 62 units in garage
2026-08-19 11:37:25,104 [INFO] Poll cycle OK: 62 units in garage
2026-08-19 11:37:36,925 [INFO] Poll cycle OK: 62 units in garage
2026-08-19 11:37:47,460 [INFO] Wialon login OK user=44Beton_Klass
2026-08-19 11:37:48,680 [INFO] Poll cycle OK: 62 units in garage
2026-08-19 11:37:59,714 [INFO] Poll cycle OK: 62 units in garage
2026-08-19 11:38:10,773 [INFO] Poll cycle OK: 62 units in garage
2026-08-19 11:38:21,710 [INFO] Poll cycle OK: 62 units in garage
2026-08-19 11:38:32,546 [INFO] Poll cycle OK: 62 units in garage
2026-08-19 11:38:43,365 [INFO] Poll cycle OK: 62 units in garage
2026-08-19 11:38:55,546 [INFO] Poll cycle OK: 62 units in garage
2026-08-19 11:39:06,768 [INFO] Poll cycle OK: 62 units in garage
2026-08-19 11:39:17,889 [INFO] Poll cycle OK: 62 units in garage
2026-08-19 11:39:28,877 [INFO] Poll cycle OK: 62 units in garage
2026-08-19 11:39:39,412 [INFO] Wialon login OK user=44Beton_Klass
2026-08-19 11:39:40,329 [INFO] Poll cycle OK: 62 units in garage
